I'm sorry, but errors were detected in your script. Please correct the
errors listed below, and try again.


File "game/characters.rpy", line 1: expected statement.
    from typing import DefaultDict
                                  ^

Ren'Py Version: Ren'Py 7.4.10.2178
Sat Nov  6 12:05:27 2021
